TimeQuest Timing Analyzer report for sevenseg
Wed Feb 20 14:36:45 2019
Quartus II 64-Bit Version 13.0.1 Build 232 06/12/2013 Service Pack 1 SJ Web Edition


---------------------
; Table of Contents ;
---------------------
  1. Legal Notice
  2. TimeQuest Timing Analyzer Summary
  3. Parallel Compilation
  4. Clocks
  5. Slow Model Fmax Summary
  6. Slow Model Setup Summary
  7. Slow Model Hold Summary
  8. Slow Model Recovery Summary
  9. Slow Model Removal Summary
 10. Slow Model Minimum Pulse Width Summary
 11. Propagation Delay
 12. Minimum Propagation Delay
 13. Fast Model Setup Summary
 14. Fast Model Hold Summary
 15. Fast Model Recovery Summary
 16. Fast Model Removal Summary
 17. Fast Model Minimum Pulse Width Summary
 18. Propagation Delay
 19. Minimum Propagation Delay
 20. Multicorner Timing Analysis Summary
 21. Progagation Delay
 22. Minimum Progagation Delay
 23. Clock Transfers
 24. Report TCCS
 25. Report RSKM
 26. Unconstrained Paths
 27. TimeQuest Timing Analyzer Messages



----------------
; Legal Notice ;
----------------
Copyright (C) 1991-2013 Altera Corporation
Your use of Altera Corporation's design tools, logic functions 
and other software and tools, and its AMPP partner logic 
functions, and any output files from any of the foregoing 
(including device programming or simulation files), and any 
associated documentation or information are expressly subject 
to the terms and conditions of the Altera Program License 
Subscription Agreement, Altera MegaCore Function License 
Agreement, or other applicable license agreement, including, 
without limitation, that your use is for the sole purpose of 
programming logic devices manufactured by Altera and sold by 
Altera or its authorized distributors.  Please refer to the 
applicable agreement for further details.



+----------------------------------------------------------------------------------------+
; TimeQuest Timing Analyzer Summary                                                      ;
+--------------------+-------------------------------------------------------------------+
; Quartus II Version ; Version 13.0.1 Build 232 06/12/2013 Service Pack 1 SJ Web Edition ;
; Revision Name      ; sevenseg                                                          ;
; Device Family      ; Cyclone II                                                        ;
; Device Name        ; EP2C70F672C6                                                      ;
; Timing Models      ; Final                                                             ;
; Delay Model        ; Combined                                                          ;
; Rise/Fall Delays   ; Unavailable                                                       ;
+--------------------+-------------------------------------------------------------------+


Parallel compilation was disabled, but you have multiple processors available. Enable parallel compilation to reduce compilation time.
+-------------------------------------+
; Parallel Compilation                ;
+----------------------------+--------+
; Processors                 ; Number ;
+----------------------------+--------+
; Number detected on machine ; 2      ;
; Maximum allowed            ; 1      ;
+----------------------------+--------+


----------
; Clocks ;
----------
No clocks to report.


---------------------------
; Slow Model Fmax Summary ;
---------------------------
No paths to report.


----------------------------
; Slow Model Setup Summary ;
----------------------------
No paths to report.


---------------------------
; Slow Model Hold Summary ;
---------------------------
No paths to report.


-------------------------------
; Slow Model Recovery Summary ;
-------------------------------
No paths to report.


------------------------------
; Slow Model Removal Summary ;
------------------------------
No paths to report.


------------------------------------------
; Slow Model Minimum Pulse Width Summary ;
------------------------------------------
No paths to report.


+--------------------------------------------------------------+
; Propagation Delay                                            ;
+------------+-------------+--------+--------+--------+--------+
; Input Port ; Output Port ; RR     ; RF     ; FR     ; FF     ;
+------------+-------------+--------+--------+--------+--------+
; A[0]       ; hx0[0]      ; 9.644  ; 9.644  ; 9.644  ; 9.644  ;
; A[0]       ; hx0[1]      ; 9.669  ;        ;        ; 9.669  ;
; A[0]       ; hx0[2]      ; 9.460  ;        ;        ; 9.460  ;
; A[0]       ; hx0[3]      ; 9.453  ; 9.453  ; 9.453  ; 9.453  ;
; A[0]       ; hx0[4]      ;        ; 9.611  ; 9.611  ;        ;
; A[0]       ; hx0[5]      ; 9.738  ; 9.738  ; 9.738  ; 9.738  ;
; A[0]       ; hx0[6]      ;        ; 9.700  ; 9.700  ;        ;
; A[1]       ; hx0[0]      ; 9.622  ; 9.622  ; 9.622  ; 9.622  ;
; A[1]       ; hx0[1]      ; 9.651  ;        ;        ; 9.651  ;
; A[1]       ; hx0[2]      ;        ; 9.426  ; 9.426  ;        ;
; A[1]       ; hx0[3]      ; 9.436  ; 9.436  ; 9.436  ; 9.436  ;
; A[1]       ; hx0[4]      ; 9.616  ;        ;        ; 9.616  ;
; A[1]       ; hx0[5]      ; 9.703  ; 9.703  ; 9.703  ; 9.703  ;
; A[1]       ; hx0[6]      ;        ; 9.720  ; 9.720  ;        ;
; A[2]       ; hx0[0]      ; 9.710  ; 9.710  ; 9.710  ; 9.710  ;
; A[2]       ; hx0[1]      ;        ; 9.702  ; 9.702  ;        ;
; A[2]       ; hx0[2]      ; 9.525  ; 9.525  ; 9.525  ; 9.525  ;
; A[2]       ; hx0[3]      ; 9.522  ; 9.522  ; 9.522  ; 9.522  ;
; A[2]       ; hx0[4]      ; 9.697  ; 9.697  ; 9.697  ; 9.697  ;
; A[2]       ; hx0[5]      ; 9.804  ;        ;        ; 9.804  ;
; A[2]       ; hx0[6]      ; 9.811  ;        ;        ; 9.811  ;
; A[3]       ; hx0[0]      ; 9.525  ; 9.525  ; 9.525  ; 9.525  ;
; A[3]       ; hx0[1]      ;        ; 9.559  ; 9.559  ;        ;
; A[3]       ; hx0[2]      ;        ; 9.333  ; 9.333  ;        ;
; A[3]       ; hx0[3]      ; 9.343  ; 9.343  ; 9.343  ; 9.343  ;
; A[3]       ; hx0[4]      ; 9.524  ; 9.524  ; 9.524  ; 9.524  ;
; A[3]       ; hx0[5]      ; 9.605  ; 9.605  ; 9.605  ; 9.605  ;
; A[3]       ; hx0[6]      ;        ; 9.626  ; 9.626  ;        ;
; B[0]       ; hx1[0]      ; 9.225  ; 9.225  ; 9.225  ; 9.225  ;
; B[0]       ; hx1[1]      ; 8.902  ;        ;        ; 8.902  ;
; B[0]       ; hx1[2]      ; 9.143  ;        ;        ; 9.143  ;
; B[0]       ; hx1[3]      ; 8.873  ; 8.873  ; 8.873  ; 8.873  ;
; B[0]       ; hx1[4]      ;        ; 9.159  ; 9.159  ;        ;
; B[0]       ; hx1[5]      ; 9.212  ; 9.212  ; 9.212  ; 9.212  ;
; B[0]       ; hx1[6]      ;        ; 9.136  ; 9.136  ;        ;
; B[1]       ; hx1[0]      ; 9.198  ; 9.198  ; 9.198  ; 9.198  ;
; B[1]       ; hx1[1]      ; 8.888  ;        ;        ; 8.888  ;
; B[1]       ; hx1[2]      ;        ; 9.129  ; 9.129  ;        ;
; B[1]       ; hx1[3]      ; 8.849  ; 8.849  ; 8.849  ; 8.849  ;
; B[1]       ; hx1[4]      ; 9.173  ;        ;        ; 9.173  ;
; B[1]       ; hx1[5]      ; 9.188  ; 9.188  ; 9.188  ; 9.188  ;
; B[1]       ; hx1[6]      ;        ; 9.155  ; 9.155  ;        ;
; B[2]       ; hx1[0]      ; 9.231  ; 9.231  ; 9.231  ; 9.231  ;
; B[2]       ; hx1[1]      ;        ; 8.887  ; 8.887  ;        ;
; B[2]       ; hx1[2]      ; 9.160  ; 9.160  ; 9.160  ; 9.160  ;
; B[2]       ; hx1[3]      ; 8.874  ; 8.874  ; 8.874  ; 8.874  ;
; B[2]       ; hx1[4]      ; 9.199  ; 9.199  ; 9.199  ; 9.199  ;
; B[2]       ; hx1[5]      ; 9.220  ;        ;        ; 9.220  ;
; B[2]       ; hx1[6]      ; 9.180  ;        ;        ; 9.180  ;
; B[3]       ; hx1[0]      ; 9.401  ; 9.401  ; 9.401  ; 9.401  ;
; B[3]       ; hx1[1]      ;        ; 9.094  ; 9.094  ;        ;
; B[3]       ; hx1[2]      ;        ; 9.335  ; 9.335  ;        ;
; B[3]       ; hx1[3]      ; 9.053  ; 9.053  ; 9.053  ; 9.053  ;
; B[3]       ; hx1[4]      ; 9.379  ; 9.379  ; 9.379  ; 9.379  ;
; B[3]       ; hx1[5]      ; 9.394  ; 9.394  ; 9.394  ; 9.394  ;
; B[3]       ; hx1[6]      ;        ; 9.359  ; 9.359  ;        ;
; C[0]       ; hx2[0]      ; 9.358  ; 9.358  ; 9.358  ; 9.358  ;
; C[0]       ; hx2[1]      ; 9.064  ;        ;        ; 9.064  ;
; C[0]       ; hx2[2]      ; 9.290  ;        ;        ; 9.290  ;
; C[0]       ; hx2[3]      ; 9.022  ; 9.022  ; 9.022  ; 9.022  ;
; C[0]       ; hx2[4]      ;        ; 9.361  ; 9.361  ;        ;
; C[0]       ; hx2[5]      ; 9.199  ; 9.199  ; 9.199  ; 9.199  ;
; C[0]       ; hx2[6]      ;        ; 9.363  ; 9.363  ;        ;
; C[1]       ; hx2[0]      ; 9.415  ; 9.415  ; 9.415  ; 9.415  ;
; C[1]       ; hx2[1]      ; 9.120  ;        ;        ; 9.120  ;
; C[1]       ; hx2[2]      ;        ; 9.346  ; 9.346  ;        ;
; C[1]       ; hx2[3]      ; 9.079  ; 9.079  ; 9.079  ; 9.079  ;
; C[1]       ; hx2[4]      ; 9.415  ;        ;        ; 9.415  ;
; C[1]       ; hx2[5]      ; 9.257  ; 9.257  ; 9.257  ; 9.257  ;
; C[1]       ; hx2[6]      ;        ; 9.377  ; 9.377  ;        ;
; C[2]       ; hx2[0]      ; 9.503  ; 9.503  ; 9.503  ; 9.503  ;
; C[2]       ; hx2[1]      ;        ; 9.209  ; 9.209  ;        ;
; C[2]       ; hx2[2]      ; 9.435  ; 9.435  ; 9.435  ; 9.435  ;
; C[2]       ; hx2[3]      ; 9.169  ; 9.169  ; 9.169  ; 9.169  ;
; C[2]       ; hx2[4]      ; 9.480  ; 9.480  ; 9.480  ; 9.480  ;
; C[2]       ; hx2[5]      ; 9.349  ;        ;        ; 9.349  ;
; C[2]       ; hx2[6]      ; 9.509  ;        ;        ; 9.509  ;
; C[3]       ; hx2[0]      ; 8.873  ; 8.873  ; 8.873  ; 8.873  ;
; C[3]       ; hx2[1]      ;        ; 8.572  ; 8.572  ;        ;
; C[3]       ; hx2[2]      ;        ; 8.807  ; 8.807  ;        ;
; C[3]       ; hx2[3]      ; 8.535  ; 8.535  ; 8.535  ; 8.535  ;
; C[3]       ; hx2[4]      ; 8.869  ; 8.869  ; 8.869  ; 8.869  ;
; C[3]       ; hx2[5]      ; 8.727  ; 8.727  ; 8.727  ; 8.727  ;
; C[3]       ; hx2[6]      ;        ; 8.875  ; 8.875  ;        ;
; D[0]       ; hx3[0]      ; 9.683  ; 9.683  ; 9.683  ; 9.683  ;
; D[0]       ; hx3[1]      ; 9.453  ;        ;        ; 9.453  ;
; D[0]       ; hx3[2]      ; 9.939  ;        ;        ; 9.939  ;
; D[0]       ; hx3[3]      ; 9.455  ; 9.455  ; 9.455  ; 9.455  ;
; D[0]       ; hx3[4]      ;        ; 9.663  ; 9.663  ;        ;
; D[0]       ; hx3[5]      ; 9.945  ; 9.945  ; 9.945  ; 9.945  ;
; D[0]       ; hx3[6]      ;        ; 9.415  ; 9.415  ;        ;
; D[1]       ; hx3[0]      ; 9.637  ; 9.637  ; 9.637  ; 9.637  ;
; D[1]       ; hx3[1]      ; 9.410  ;        ;        ; 9.410  ;
; D[1]       ; hx3[2]      ;        ; 9.894  ; 9.894  ;        ;
; D[1]       ; hx3[3]      ; 9.414  ; 9.414  ; 9.414  ; 9.414  ;
; D[1]       ; hx3[4]      ; 9.643  ;        ;        ; 9.643  ;
; D[1]       ; hx3[5]      ; 9.899  ; 9.899  ; 9.899  ; 9.899  ;
; D[1]       ; hx3[6]      ;        ; 9.413  ; 9.413  ;        ;
; D[2]       ; hx3[0]      ; 9.942  ; 9.942  ; 9.942  ; 9.942  ;
; D[2]       ; hx3[1]      ;        ; 9.680  ; 9.680  ;        ;
; D[2]       ; hx3[2]      ; 10.198 ; 10.198 ; 10.198 ; 10.198 ;
; D[2]       ; hx3[3]      ; 9.718  ; 9.718  ; 9.718  ; 9.718  ;
; D[2]       ; hx3[4]      ; 9.947  ; 9.947  ; 9.947  ; 9.947  ;
; D[2]       ; hx3[5]      ; 10.203 ;        ;        ; 10.203 ;
; D[2]       ; hx3[6]      ; 9.717  ;        ;        ; 9.717  ;
; D[3]       ; hx3[0]      ; 9.540  ; 9.540  ; 9.540  ; 9.540  ;
; D[3]       ; hx3[1]      ;        ; 9.314  ; 9.314  ;        ;
; D[3]       ; hx3[2]      ;        ; 9.801  ; 9.801  ;        ;
; D[3]       ; hx3[3]      ; 9.321  ; 9.321  ; 9.321  ; 9.321  ;
; D[3]       ; hx3[4]      ; 9.551  ; 9.551  ; 9.551  ; 9.551  ;
; D[3]       ; hx3[5]      ; 9.806  ; 9.806  ; 9.806  ; 9.806  ;
; D[3]       ; hx3[6]      ;        ; 9.320  ; 9.320  ;        ;
+------------+-------------+--------+--------+--------+--------+


+--------------------------------------------------------------+
; Minimum Propagation Delay                                    ;
+------------+-------------+--------+--------+--------+--------+
; Input Port ; Output Port ; RR     ; RF     ; FR     ; FF     ;
+------------+-------------+--------+--------+--------+--------+
; A[0]       ; hx0[0]      ; 9.644  ; 9.644  ; 9.644  ; 9.644  ;
; A[0]       ; hx0[1]      ; 9.669  ;        ;        ; 9.669  ;
; A[0]       ; hx0[2]      ; 9.460  ;        ;        ; 9.460  ;
; A[0]       ; hx0[3]      ; 9.453  ; 9.453  ; 9.453  ; 9.453  ;
; A[0]       ; hx0[4]      ;        ; 9.611  ; 9.611  ;        ;
; A[0]       ; hx0[5]      ; 9.738  ; 9.738  ; 9.738  ; 9.738  ;
; A[0]       ; hx0[6]      ;        ; 9.700  ; 9.700  ;        ;
; A[1]       ; hx0[0]      ; 9.622  ; 9.622  ; 9.622  ; 9.622  ;
; A[1]       ; hx0[1]      ; 9.651  ;        ;        ; 9.651  ;
; A[1]       ; hx0[2]      ;        ; 9.426  ; 9.426  ;        ;
; A[1]       ; hx0[3]      ; 9.436  ; 9.436  ; 9.436  ; 9.436  ;
; A[1]       ; hx0[4]      ; 9.616  ;        ;        ; 9.616  ;
; A[1]       ; hx0[5]      ; 9.703  ; 9.703  ; 9.703  ; 9.703  ;
; A[1]       ; hx0[6]      ;        ; 9.720  ; 9.720  ;        ;
; A[2]       ; hx0[0]      ; 9.710  ; 9.710  ; 9.710  ; 9.710  ;
; A[2]       ; hx0[1]      ;        ; 9.702  ; 9.702  ;        ;
; A[2]       ; hx0[2]      ; 9.525  ; 9.525  ; 9.525  ; 9.525  ;
; A[2]       ; hx0[3]      ; 9.522  ; 9.522  ; 9.522  ; 9.522  ;
; A[2]       ; hx0[4]      ; 9.697  ; 9.697  ; 9.697  ; 9.697  ;
; A[2]       ; hx0[5]      ; 9.804  ;        ;        ; 9.804  ;
; A[2]       ; hx0[6]      ; 9.811  ;        ;        ; 9.811  ;
; A[3]       ; hx0[0]      ; 9.525  ; 9.525  ; 9.525  ; 9.525  ;
; A[3]       ; hx0[1]      ;        ; 9.559  ; 9.559  ;        ;
; A[3]       ; hx0[2]      ;        ; 9.333  ; 9.333  ;        ;
; A[3]       ; hx0[3]      ; 9.343  ; 9.343  ; 9.343  ; 9.343  ;
; A[3]       ; hx0[4]      ; 9.524  ; 9.524  ; 9.524  ; 9.524  ;
; A[3]       ; hx0[5]      ; 9.605  ; 9.605  ; 9.605  ; 9.605  ;
; A[3]       ; hx0[6]      ;        ; 9.626  ; 9.626  ;        ;
; B[0]       ; hx1[0]      ; 9.225  ; 9.225  ; 9.225  ; 9.225  ;
; B[0]       ; hx1[1]      ; 8.902  ;        ;        ; 8.902  ;
; B[0]       ; hx1[2]      ; 9.143  ;        ;        ; 9.143  ;
; B[0]       ; hx1[3]      ; 8.873  ; 8.873  ; 8.873  ; 8.873  ;
; B[0]       ; hx1[4]      ;        ; 9.159  ; 9.159  ;        ;
; B[0]       ; hx1[5]      ; 9.212  ; 9.212  ; 9.212  ; 9.212  ;
; B[0]       ; hx1[6]      ;        ; 9.136  ; 9.136  ;        ;
; B[1]       ; hx1[0]      ; 9.198  ; 9.198  ; 9.198  ; 9.198  ;
; B[1]       ; hx1[1]      ; 8.888  ;        ;        ; 8.888  ;
; B[1]       ; hx1[2]      ;        ; 9.129  ; 9.129  ;        ;
; B[1]       ; hx1[3]      ; 8.849  ; 8.849  ; 8.849  ; 8.849  ;
; B[1]       ; hx1[4]      ; 9.173  ;        ;        ; 9.173  ;
; B[1]       ; hx1[5]      ; 9.188  ; 9.188  ; 9.188  ; 9.188  ;
; B[1]       ; hx1[6]      ;        ; 9.155  ; 9.155  ;        ;
; B[2]       ; hx1[0]      ; 9.231  ; 9.231  ; 9.231  ; 9.231  ;
; B[2]       ; hx1[1]      ;        ; 8.887  ; 8.887  ;        ;
; B[2]       ; hx1[2]      ; 9.160  ; 9.160  ; 9.160  ; 9.160  ;
; B[2]       ; hx1[3]      ; 8.874  ; 8.874  ; 8.874  ; 8.874  ;
; B[2]       ; hx1[4]      ; 9.199  ; 9.199  ; 9.199  ; 9.199  ;
; B[2]       ; hx1[5]      ; 9.220  ;        ;        ; 9.220  ;
; B[2]       ; hx1[6]      ; 9.180  ;        ;        ; 9.180  ;
; B[3]       ; hx1[0]      ; 9.401  ; 9.401  ; 9.401  ; 9.401  ;
; B[3]       ; hx1[1]      ;        ; 9.094  ; 9.094  ;        ;
; B[3]       ; hx1[2]      ;        ; 9.335  ; 9.335  ;        ;
; B[3]       ; hx1[3]      ; 9.053  ; 9.053  ; 9.053  ; 9.053  ;
; B[3]       ; hx1[4]      ; 9.379  ; 9.379  ; 9.379  ; 9.379  ;
; B[3]       ; hx1[5]      ; 9.394  ; 9.394  ; 9.394  ; 9.394  ;
; B[3]       ; hx1[6]      ;        ; 9.359  ; 9.359  ;        ;
; C[0]       ; hx2[0]      ; 9.358  ; 9.358  ; 9.358  ; 9.358  ;
; C[0]       ; hx2[1]      ; 9.064  ;        ;        ; 9.064  ;
; C[0]       ; hx2[2]      ; 9.290  ;        ;        ; 9.290  ;
; C[0]       ; hx2[3]      ; 9.022  ; 9.022  ; 9.022  ; 9.022  ;
; C[0]       ; hx2[4]      ;        ; 9.361  ; 9.361  ;        ;
; C[0]       ; hx2[5]      ; 9.199  ; 9.199  ; 9.199  ; 9.199  ;
; C[0]       ; hx2[6]      ;        ; 9.363  ; 9.363  ;        ;
; C[1]       ; hx2[0]      ; 9.415  ; 9.415  ; 9.415  ; 9.415  ;
; C[1]       ; hx2[1]      ; 9.120  ;        ;        ; 9.120  ;
; C[1]       ; hx2[2]      ;        ; 9.346  ; 9.346  ;        ;
; C[1]       ; hx2[3]      ; 9.079  ; 9.079  ; 9.079  ; 9.079  ;
; C[1]       ; hx2[4]      ; 9.415  ;        ;        ; 9.415  ;
; C[1]       ; hx2[5]      ; 9.257  ; 9.257  ; 9.257  ; 9.257  ;
; C[1]       ; hx2[6]      ;        ; 9.377  ; 9.377  ;        ;
; C[2]       ; hx2[0]      ; 9.503  ; 9.503  ; 9.503  ; 9.503  ;
; C[2]       ; hx2[1]      ;        ; 9.209  ; 9.209  ;        ;
; C[2]       ; hx2[2]      ; 9.435  ; 9.435  ; 9.435  ; 9.435  ;
; C[2]       ; hx2[3]      ; 9.169  ; 9.169  ; 9.169  ; 9.169  ;
; C[2]       ; hx2[4]      ; 9.480  ; 9.480  ; 9.480  ; 9.480  ;
; C[2]       ; hx2[5]      ; 9.349  ;        ;        ; 9.349  ;
; C[2]       ; hx2[6]      ; 9.509  ;        ;        ; 9.509  ;
; C[3]       ; hx2[0]      ; 8.873  ; 8.873  ; 8.873  ; 8.873  ;
; C[3]       ; hx2[1]      ;        ; 8.572  ; 8.572  ;        ;
; C[3]       ; hx2[2]      ;        ; 8.807  ; 8.807  ;        ;
; C[3]       ; hx2[3]      ; 8.535  ; 8.535  ; 8.535  ; 8.535  ;
; C[3]       ; hx2[4]      ; 8.869  ; 8.869  ; 8.869  ; 8.869  ;
; C[3]       ; hx2[5]      ; 8.727  ; 8.727  ; 8.727  ; 8.727  ;
; C[3]       ; hx2[6]      ;        ; 8.875  ; 8.875  ;        ;
; D[0]       ; hx3[0]      ; 9.683  ; 9.683  ; 9.683  ; 9.683  ;
; D[0]       ; hx3[1]      ; 9.453  ;        ;        ; 9.453  ;
; D[0]       ; hx3[2]      ; 9.939  ;        ;        ; 9.939  ;
; D[0]       ; hx3[3]      ; 9.455  ; 9.455  ; 9.455  ; 9.455  ;
; D[0]       ; hx3[4]      ;        ; 9.663  ; 9.663  ;        ;
; D[0]       ; hx3[5]      ; 9.945  ; 9.945  ; 9.945  ; 9.945  ;
; D[0]       ; hx3[6]      ;        ; 9.415  ; 9.415  ;        ;
; D[1]       ; hx3[0]      ; 9.637  ; 9.637  ; 9.637  ; 9.637  ;
; D[1]       ; hx3[1]      ; 9.410  ;        ;        ; 9.410  ;
; D[1]       ; hx3[2]      ;        ; 9.894  ; 9.894  ;        ;
; D[1]       ; hx3[3]      ; 9.414  ; 9.414  ; 9.414  ; 9.414  ;
; D[1]       ; hx3[4]      ; 9.643  ;        ;        ; 9.643  ;
; D[1]       ; hx3[5]      ; 9.899  ; 9.899  ; 9.899  ; 9.899  ;
; D[1]       ; hx3[6]      ;        ; 9.413  ; 9.413  ;        ;
; D[2]       ; hx3[0]      ; 9.942  ; 9.942  ; 9.942  ; 9.942  ;
; D[2]       ; hx3[1]      ;        ; 9.680  ; 9.680  ;        ;
; D[2]       ; hx3[2]      ; 10.198 ; 10.198 ; 10.198 ; 10.198 ;
; D[2]       ; hx3[3]      ; 9.718  ; 9.718  ; 9.718  ; 9.718  ;
; D[2]       ; hx3[4]      ; 9.947  ; 9.947  ; 9.947  ; 9.947  ;
; D[2]       ; hx3[5]      ; 10.203 ;        ;        ; 10.203 ;
; D[2]       ; hx3[6]      ; 9.717  ;        ;        ; 9.717  ;
; D[3]       ; hx3[0]      ; 9.540  ; 9.540  ; 9.540  ; 9.540  ;
; D[3]       ; hx3[1]      ;        ; 9.314  ; 9.314  ;        ;
; D[3]       ; hx3[2]      ;        ; 9.801  ; 9.801  ;        ;
; D[3]       ; hx3[3]      ; 9.321  ; 9.321  ; 9.321  ; 9.321  ;
; D[3]       ; hx3[4]      ; 9.551  ; 9.551  ; 9.551  ; 9.551  ;
; D[3]       ; hx3[5]      ; 9.806  ; 9.806  ; 9.806  ; 9.806  ;
; D[3]       ; hx3[6]      ;        ; 9.320  ; 9.320  ;        ;
+------------+-------------+--------+--------+--------+--------+


----------------------------
; Fast Model Setup Summary ;
----------------------------
No paths to report.


---------------------------
; Fast Model Hold Summary ;
---------------------------
No paths to report.


-------------------------------
; Fast Model Recovery Summary ;
-------------------------------
No paths to report.


------------------------------
; Fast Model Removal Summary ;
------------------------------
No paths to report.


------------------------------------------
; Fast Model Minimum Pulse Width Summary ;
------------------------------------------
No paths to report.


+----------------------------------------------------------+
; Propagation Delay                                        ;
+------------+-------------+-------+-------+-------+-------+
; Input Port ; Output Port ; RR    ; RF    ; FR    ; FF    ;
+------------+-------------+-------+-------+-------+-------+
; A[0]       ; hx0[0]      ; 5.337 ; 5.337 ; 5.337 ; 5.337 ;
; A[0]       ; hx0[1]      ; 5.365 ;       ;       ; 5.365 ;
; A[0]       ; hx0[2]      ; 5.276 ;       ;       ; 5.276 ;
; A[0]       ; hx0[3]      ; 5.270 ; 5.270 ; 5.270 ; 5.270 ;
; A[0]       ; hx0[4]      ;       ; 5.328 ; 5.328 ;       ;
; A[0]       ; hx0[5]      ; 5.411 ; 5.411 ; 5.411 ; 5.411 ;
; A[0]       ; hx0[6]      ;       ; 5.421 ; 5.421 ;       ;
; A[1]       ; hx0[0]      ; 5.348 ; 5.348 ; 5.348 ; 5.348 ;
; A[1]       ; hx0[1]      ; 5.376 ;       ;       ; 5.376 ;
; A[1]       ; hx0[2]      ;       ; 5.276 ; 5.276 ;       ;
; A[1]       ; hx0[3]      ; 5.282 ; 5.282 ; 5.282 ; 5.282 ;
; A[1]       ; hx0[4]      ; 5.340 ;       ;       ; 5.340 ;
; A[1]       ; hx0[5]      ; 5.408 ; 5.408 ; 5.408 ; 5.408 ;
; A[1]       ; hx0[6]      ;       ; 5.423 ; 5.423 ;       ;
; A[2]       ; hx0[0]      ; 5.372 ; 5.372 ; 5.372 ; 5.372 ;
; A[2]       ; hx0[1]      ;       ; 5.397 ; 5.397 ;       ;
; A[2]       ; hx0[2]      ; 5.308 ; 5.308 ; 5.308 ; 5.308 ;
; A[2]       ; hx0[3]      ; 5.305 ; 5.305 ; 5.305 ; 5.305 ;
; A[2]       ; hx0[4]      ; 5.359 ; 5.359 ; 5.359 ; 5.359 ;
; A[2]       ; hx0[5]      ; 5.452 ;       ;       ; 5.452 ;
; A[2]       ; hx0[6]      ; 5.457 ;       ;       ; 5.457 ;
; A[3]       ; hx0[0]      ; 5.300 ; 5.300 ; 5.300 ; 5.300 ;
; A[3]       ; hx0[1]      ;       ; 5.329 ; 5.329 ;       ;
; A[3]       ; hx0[2]      ;       ; 5.227 ; 5.227 ;       ;
; A[3]       ; hx0[3]      ; 5.233 ; 5.233 ; 5.233 ; 5.233 ;
; A[3]       ; hx0[4]      ; 5.293 ; 5.293 ; 5.293 ; 5.293 ;
; A[3]       ; hx0[5]      ; 5.357 ; 5.357 ; 5.357 ; 5.357 ;
; A[3]       ; hx0[6]      ;       ; 5.379 ; 5.379 ;       ;
; B[0]       ; hx1[0]      ; 5.160 ; 5.160 ; 5.160 ; 5.160 ;
; B[0]       ; hx1[1]      ; 4.997 ;       ;       ; 4.997 ;
; B[0]       ; hx1[2]      ; 5.106 ;       ;       ; 5.106 ;
; B[0]       ; hx1[3]      ; 4.988 ; 4.988 ; 4.988 ; 4.988 ;
; B[0]       ; hx1[4]      ;       ; 5.124 ; 5.124 ;       ;
; B[0]       ; hx1[5]      ; 5.147 ; 5.147 ; 5.147 ; 5.147 ;
; B[0]       ; hx1[6]      ;       ; 5.138 ; 5.138 ;       ;
; B[1]       ; hx1[0]      ; 5.157 ; 5.157 ; 5.157 ; 5.157 ;
; B[1]       ; hx1[1]      ; 5.009 ;       ;       ; 5.009 ;
; B[1]       ; hx1[2]      ;       ; 5.110 ; 5.110 ;       ;
; B[1]       ; hx1[3]      ; 4.987 ; 4.987 ; 4.987 ; 4.987 ;
; B[1]       ; hx1[4]      ; 5.133 ;       ;       ; 5.133 ;
; B[1]       ; hx1[5]      ; 5.143 ; 5.143 ; 5.143 ; 5.143 ;
; B[1]       ; hx1[6]      ;       ; 5.135 ; 5.135 ;       ;
; B[2]       ; hx1[0]      ; 5.174 ; 5.174 ; 5.174 ; 5.174 ;
; B[2]       ; hx1[1]      ;       ; 5.022 ; 5.022 ;       ;
; B[2]       ; hx1[2]      ; 5.127 ; 5.127 ; 5.127 ; 5.127 ;
; B[2]       ; hx1[3]      ; 5.000 ; 5.000 ; 5.000 ; 5.000 ;
; B[2]       ; hx1[4]      ; 5.147 ; 5.147 ; 5.147 ; 5.147 ;
; B[2]       ; hx1[5]      ; 5.166 ;       ;       ; 5.166 ;
; B[2]       ; hx1[6]      ; 5.152 ;       ;       ; 5.152 ;
; B[3]       ; hx1[0]      ; 5.267 ; 5.267 ; 5.267 ; 5.267 ;
; B[3]       ; hx1[1]      ;       ; 5.115 ; 5.115 ;       ;
; B[3]       ; hx1[2]      ;       ; 5.217 ; 5.217 ;       ;
; B[3]       ; hx1[3]      ; 5.092 ; 5.092 ; 5.092 ; 5.092 ;
; B[3]       ; hx1[4]      ; 5.240 ; 5.240 ; 5.240 ; 5.240 ;
; B[3]       ; hx1[5]      ; 5.254 ; 5.254 ; 5.254 ; 5.254 ;
; B[3]       ; hx1[6]      ;       ; 5.242 ; 5.242 ;       ;
; C[0]       ; hx2[0]      ; 5.238 ; 5.238 ; 5.238 ; 5.238 ;
; C[0]       ; hx2[1]      ; 5.062 ;       ;       ; 5.062 ;
; C[0]       ; hx2[2]      ; 5.149 ;       ;       ; 5.149 ;
; C[0]       ; hx2[3]      ; 5.035 ; 5.035 ; 5.035 ; 5.035 ;
; C[0]       ; hx2[4]      ;       ; 5.241 ; 5.241 ;       ;
; C[0]       ; hx2[5]      ; 5.155 ; 5.155 ; 5.155 ; 5.155 ;
; C[0]       ; hx2[6]      ;       ; 5.199 ; 5.199 ;       ;
; C[1]       ; hx2[0]      ; 5.272 ; 5.272 ; 5.272 ; 5.272 ;
; C[1]       ; hx2[1]      ; 5.098 ;       ;       ; 5.098 ;
; C[1]       ; hx2[2]      ;       ; 5.182 ; 5.182 ;       ;
; C[1]       ; hx2[3]      ; 5.069 ; 5.069 ; 5.069 ; 5.069 ;
; C[1]       ; hx2[4]      ; 5.279 ;       ;       ; 5.279 ;
; C[1]       ; hx2[5]      ; 5.196 ; 5.196 ; 5.196 ; 5.196 ;
; C[1]       ; hx2[6]      ;       ; 5.236 ; 5.236 ;       ;
; C[2]       ; hx2[0]      ; 5.327 ; 5.327 ; 5.327 ; 5.327 ;
; C[2]       ; hx2[1]      ;       ; 5.155 ; 5.155 ;       ;
; C[2]       ; hx2[2]      ; 5.237 ; 5.237 ; 5.237 ; 5.237 ;
; C[2]       ; hx2[3]      ; 5.123 ; 5.123 ; 5.123 ; 5.123 ;
; C[2]       ; hx2[4]      ; 5.337 ; 5.337 ; 5.337 ; 5.337 ;
; C[2]       ; hx2[5]      ; 5.258 ;       ;       ; 5.258 ;
; C[2]       ; hx2[6]      ; 5.293 ;       ;       ; 5.293 ;
; C[3]       ; hx2[0]      ; 5.037 ; 5.037 ; 5.037 ; 5.037 ;
; C[3]       ; hx2[1]      ;       ; 4.853 ; 4.853 ;       ;
; C[3]       ; hx2[2]      ;       ; 4.947 ; 4.947 ;       ;
; C[3]       ; hx2[3]      ; 4.832 ; 4.832 ; 4.832 ; 4.832 ;
; C[3]       ; hx2[4]      ; 5.036 ; 5.036 ; 5.036 ; 5.036 ;
; C[3]       ; hx2[5]      ; 4.969 ; 4.969 ; 4.969 ; 4.969 ;
; C[3]       ; hx2[6]      ;       ; 4.992 ; 4.992 ;       ;
; D[0]       ; hx3[0]      ; 5.375 ; 5.375 ; 5.375 ; 5.375 ;
; D[0]       ; hx3[1]      ; 5.267 ;       ;       ; 5.267 ;
; D[0]       ; hx3[2]      ; 5.501 ;       ;       ; 5.501 ;
; D[0]       ; hx3[3]      ; 5.270 ; 5.270 ; 5.270 ; 5.270 ;
; D[0]       ; hx3[4]      ;       ; 5.380 ; 5.380 ;       ;
; D[0]       ; hx3[5]      ; 5.504 ; 5.504 ; 5.504 ; 5.504 ;
; D[0]       ; hx3[6]      ;       ; 5.276 ; 5.276 ;       ;
; D[1]       ; hx3[0]      ; 5.358 ; 5.358 ; 5.358 ; 5.358 ;
; D[1]       ; hx3[1]      ; 5.250 ;       ;       ; 5.250 ;
; D[1]       ; hx3[2]      ;       ; 5.479 ; 5.479 ;       ;
; D[1]       ; hx3[3]      ; 5.254 ; 5.254 ; 5.254 ; 5.254 ;
; D[1]       ; hx3[4]      ; 5.364 ;       ;       ; 5.364 ;
; D[1]       ; hx3[5]      ; 5.485 ; 5.485 ; 5.485 ; 5.485 ;
; D[1]       ; hx3[6]      ;       ; 5.254 ; 5.254 ;       ;
; D[2]       ; hx3[0]      ; 5.484 ; 5.484 ; 5.484 ; 5.484 ;
; D[2]       ; hx3[1]      ;       ; 5.375 ; 5.375 ;       ;
; D[2]       ; hx3[2]      ; 5.605 ; 5.605 ; 5.605 ; 5.605 ;
; D[2]       ; hx3[3]      ; 5.382 ; 5.382 ; 5.382 ; 5.382 ;
; D[2]       ; hx3[4]      ; 5.491 ; 5.491 ; 5.491 ; 5.491 ;
; D[2]       ; hx3[5]      ; 5.619 ;       ;       ; 5.619 ;
; D[2]       ; hx3[6]      ; 5.388 ;       ;       ; 5.388 ;
; D[3]       ; hx3[0]      ; 5.314 ; 5.314 ; 5.314 ; 5.314 ;
; D[3]       ; hx3[1]      ;       ; 5.204 ; 5.204 ;       ;
; D[3]       ; hx3[2]      ;       ; 5.436 ; 5.436 ;       ;
; D[3]       ; hx3[3]      ; 5.213 ; 5.213 ; 5.213 ; 5.213 ;
; D[3]       ; hx3[4]      ; 5.322 ; 5.322 ; 5.322 ; 5.322 ;
; D[3]       ; hx3[5]      ; 5.443 ; 5.443 ; 5.443 ; 5.443 ;
; D[3]       ; hx3[6]      ;       ; 5.216 ; 5.216 ;       ;
+------------+-------------+-------+-------+-------+-------+


+----------------------------------------------------------+
; Minimum Propagation Delay                                ;
+------------+-------------+-------+-------+-------+-------+
; Input Port ; Output Port ; RR    ; RF    ; FR    ; FF    ;
+------------+-------------+-------+-------+-------+-------+
; A[0]       ; hx0[0]      ; 5.337 ; 5.337 ; 5.337 ; 5.337 ;
; A[0]       ; hx0[1]      ; 5.365 ;       ;       ; 5.365 ;
; A[0]       ; hx0[2]      ; 5.276 ;       ;       ; 5.276 ;
; A[0]       ; hx0[3]      ; 5.270 ; 5.270 ; 5.270 ; 5.270 ;
; A[0]       ; hx0[4]      ;       ; 5.328 ; 5.328 ;       ;
; A[0]       ; hx0[5]      ; 5.411 ; 5.411 ; 5.411 ; 5.411 ;
; A[0]       ; hx0[6]      ;       ; 5.421 ; 5.421 ;       ;
; A[1]       ; hx0[0]      ; 5.348 ; 5.348 ; 5.348 ; 5.348 ;
; A[1]       ; hx0[1]      ; 5.376 ;       ;       ; 5.376 ;
; A[1]       ; hx0[2]      ;       ; 5.276 ; 5.276 ;       ;
; A[1]       ; hx0[3]      ; 5.282 ; 5.282 ; 5.282 ; 5.282 ;
; A[1]       ; hx0[4]      ; 5.340 ;       ;       ; 5.340 ;
; A[1]       ; hx0[5]      ; 5.408 ; 5.408 ; 5.408 ; 5.408 ;
; A[1]       ; hx0[6]      ;       ; 5.423 ; 5.423 ;       ;
; A[2]       ; hx0[0]      ; 5.372 ; 5.372 ; 5.372 ; 5.372 ;
; A[2]       ; hx0[1]      ;       ; 5.397 ; 5.397 ;       ;
; A[2]       ; hx0[2]      ; 5.308 ; 5.308 ; 5.308 ; 5.308 ;
; A[2]       ; hx0[3]      ; 5.305 ; 5.305 ; 5.305 ; 5.305 ;
; A[2]       ; hx0[4]      ; 5.359 ; 5.359 ; 5.359 ; 5.359 ;
; A[2]       ; hx0[5]      ; 5.452 ;       ;       ; 5.452 ;
; A[2]       ; hx0[6]      ; 5.457 ;       ;       ; 5.457 ;
; A[3]       ; hx0[0]      ; 5.300 ; 5.300 ; 5.300 ; 5.300 ;
; A[3]       ; hx0[1]      ;       ; 5.329 ; 5.329 ;       ;
; A[3]       ; hx0[2]      ;       ; 5.227 ; 5.227 ;       ;
; A[3]       ; hx0[3]      ; 5.233 ; 5.233 ; 5.233 ; 5.233 ;
; A[3]       ; hx0[4]      ; 5.293 ; 5.293 ; 5.293 ; 5.293 ;
; A[3]       ; hx0[5]      ; 5.357 ; 5.357 ; 5.357 ; 5.357 ;
; A[3]       ; hx0[6]      ;       ; 5.379 ; 5.379 ;       ;
; B[0]       ; hx1[0]      ; 5.160 ; 5.160 ; 5.160 ; 5.160 ;
; B[0]       ; hx1[1]      ; 4.997 ;       ;       ; 4.997 ;
; B[0]       ; hx1[2]      ; 5.106 ;       ;       ; 5.106 ;
; B[0]       ; hx1[3]      ; 4.988 ; 4.988 ; 4.988 ; 4.988 ;
; B[0]       ; hx1[4]      ;       ; 5.124 ; 5.124 ;       ;
; B[0]       ; hx1[5]      ; 5.147 ; 5.147 ; 5.147 ; 5.147 ;
; B[0]       ; hx1[6]      ;       ; 5.138 ; 5.138 ;       ;
; B[1]       ; hx1[0]      ; 5.157 ; 5.157 ; 5.157 ; 5.157 ;
; B[1]       ; hx1[1]      ; 5.009 ;       ;       ; 5.009 ;
; B[1]       ; hx1[2]      ;       ; 5.110 ; 5.110 ;       ;
; B[1]       ; hx1[3]      ; 4.987 ; 4.987 ; 4.987 ; 4.987 ;
; B[1]       ; hx1[4]      ; 5.133 ;       ;       ; 5.133 ;
; B[1]       ; hx1[5]      ; 5.143 ; 5.143 ; 5.143 ; 5.143 ;
; B[1]       ; hx1[6]      ;       ; 5.135 ; 5.135 ;       ;
; B[2]       ; hx1[0]      ; 5.174 ; 5.174 ; 5.174 ; 5.174 ;
; B[2]       ; hx1[1]      ;       ; 5.022 ; 5.022 ;       ;
; B[2]       ; hx1[2]      ; 5.127 ; 5.127 ; 5.127 ; 5.127 ;
; B[2]       ; hx1[3]      ; 5.000 ; 5.000 ; 5.000 ; 5.000 ;
; B[2]       ; hx1[4]      ; 5.147 ; 5.147 ; 5.147 ; 5.147 ;
; B[2]       ; hx1[5]      ; 5.166 ;       ;       ; 5.166 ;
; B[2]       ; hx1[6]      ; 5.152 ;       ;       ; 5.152 ;
; B[3]       ; hx1[0]      ; 5.267 ; 5.267 ; 5.267 ; 5.267 ;
; B[3]       ; hx1[1]      ;       ; 5.115 ; 5.115 ;       ;
; B[3]       ; hx1[2]      ;       ; 5.217 ; 5.217 ;       ;
; B[3]       ; hx1[3]      ; 5.092 ; 5.092 ; 5.092 ; 5.092 ;
; B[3]       ; hx1[4]      ; 5.240 ; 5.240 ; 5.240 ; 5.240 ;
; B[3]       ; hx1[5]      ; 5.254 ; 5.254 ; 5.254 ; 5.254 ;
; B[3]       ; hx1[6]      ;       ; 5.242 ; 5.242 ;       ;
; C[0]       ; hx2[0]      ; 5.238 ; 5.238 ; 5.238 ; 5.238 ;
; C[0]       ; hx2[1]      ; 5.062 ;       ;       ; 5.062 ;
; C[0]       ; hx2[2]      ; 5.149 ;       ;       ; 5.149 ;
; C[0]       ; hx2[3]      ; 5.035 ; 5.035 ; 5.035 ; 5.035 ;
; C[0]       ; hx2[4]      ;       ; 5.241 ; 5.241 ;       ;
; C[0]       ; hx2[5]      ; 5.155 ; 5.155 ; 5.155 ; 5.155 ;
; C[0]       ; hx2[6]      ;       ; 5.199 ; 5.199 ;       ;
; C[1]       ; hx2[0]      ; 5.272 ; 5.272 ; 5.272 ; 5.272 ;
; C[1]       ; hx2[1]      ; 5.098 ;       ;       ; 5.098 ;
; C[1]       ; hx2[2]      ;       ; 5.182 ; 5.182 ;       ;
; C[1]       ; hx2[3]      ; 5.069 ; 5.069 ; 5.069 ; 5.069 ;
; C[1]       ; hx2[4]      ; 5.279 ;       ;       ; 5.279 ;
; C[1]       ; hx2[5]      ; 5.196 ; 5.196 ; 5.196 ; 5.196 ;
; C[1]       ; hx2[6]      ;       ; 5.236 ; 5.236 ;       ;
; C[2]       ; hx2[0]      ; 5.327 ; 5.327 ; 5.327 ; 5.327 ;
; C[2]       ; hx2[1]      ;       ; 5.155 ; 5.155 ;       ;
; C[2]       ; hx2[2]      ; 5.237 ; 5.237 ; 5.237 ; 5.237 ;
; C[2]       ; hx2[3]      ; 5.123 ; 5.123 ; 5.123 ; 5.123 ;
; C[2]       ; hx2[4]      ; 5.337 ; 5.337 ; 5.337 ; 5.337 ;
; C[2]       ; hx2[5]      ; 5.258 ;       ;       ; 5.258 ;
; C[2]       ; hx2[6]      ; 5.293 ;       ;       ; 5.293 ;
; C[3]       ; hx2[0]      ; 5.037 ; 5.037 ; 5.037 ; 5.037 ;
; C[3]       ; hx2[1]      ;       ; 4.853 ; 4.853 ;       ;
; C[3]       ; hx2[2]      ;       ; 4.947 ; 4.947 ;       ;
; C[3]       ; hx2[3]      ; 4.832 ; 4.832 ; 4.832 ; 4.832 ;
; C[3]       ; hx2[4]      ; 5.036 ; 5.036 ; 5.036 ; 5.036 ;
; C[3]       ; hx2[5]      ; 4.969 ; 4.969 ; 4.969 ; 4.969 ;
; C[3]       ; hx2[6]      ;       ; 4.992 ; 4.992 ;       ;
; D[0]       ; hx3[0]      ; 5.375 ; 5.375 ; 5.375 ; 5.375 ;
; D[0]       ; hx3[1]      ; 5.267 ;       ;       ; 5.267 ;
; D[0]       ; hx3[2]      ; 5.501 ;       ;       ; 5.501 ;
; D[0]       ; hx3[3]      ; 5.270 ; 5.270 ; 5.270 ; 5.270 ;
; D[0]       ; hx3[4]      ;       ; 5.380 ; 5.380 ;       ;
; D[0]       ; hx3[5]      ; 5.504 ; 5.504 ; 5.504 ; 5.504 ;
; D[0]       ; hx3[6]      ;       ; 5.276 ; 5.276 ;       ;
; D[1]       ; hx3[0]      ; 5.358 ; 5.358 ; 5.358 ; 5.358 ;
; D[1]       ; hx3[1]      ; 5.250 ;       ;       ; 5.250 ;
; D[1]       ; hx3[2]      ;       ; 5.479 ; 5.479 ;       ;
; D[1]       ; hx3[3]      ; 5.254 ; 5.254 ; 5.254 ; 5.254 ;
; D[1]       ; hx3[4]      ; 5.364 ;       ;       ; 5.364 ;
; D[1]       ; hx3[5]      ; 5.485 ; 5.485 ; 5.485 ; 5.485 ;
; D[1]       ; hx3[6]      ;       ; 5.254 ; 5.254 ;       ;
; D[2]       ; hx3[0]      ; 5.484 ; 5.484 ; 5.484 ; 5.484 ;
; D[2]       ; hx3[1]      ;       ; 5.375 ; 5.375 ;       ;
; D[2]       ; hx3[2]      ; 5.605 ; 5.605 ; 5.605 ; 5.605 ;
; D[2]       ; hx3[3]      ; 5.382 ; 5.382 ; 5.382 ; 5.382 ;
; D[2]       ; hx3[4]      ; 5.491 ; 5.491 ; 5.491 ; 5.491 ;
; D[2]       ; hx3[5]      ; 5.619 ;       ;       ; 5.619 ;
; D[2]       ; hx3[6]      ; 5.388 ;       ;       ; 5.388 ;
; D[3]       ; hx3[0]      ; 5.314 ; 5.314 ; 5.314 ; 5.314 ;
; D[3]       ; hx3[1]      ;       ; 5.204 ; 5.204 ;       ;
; D[3]       ; hx3[2]      ;       ; 5.436 ; 5.436 ;       ;
; D[3]       ; hx3[3]      ; 5.213 ; 5.213 ; 5.213 ; 5.213 ;
; D[3]       ; hx3[4]      ; 5.322 ; 5.322 ; 5.322 ; 5.322 ;
; D[3]       ; hx3[5]      ; 5.443 ; 5.443 ; 5.443 ; 5.443 ;
; D[3]       ; hx3[6]      ;       ; 5.216 ; 5.216 ;       ;
+------------+-------------+-------+-------+-------+-------+


+----------------------------------------------------------------------------+
; Multicorner Timing Analysis Summary                                        ;
+------------------+-------+------+----------+---------+---------------------+
; Clock            ; Setup ; Hold ; Recovery ; Removal ; Minimum Pulse Width ;
+------------------+-------+------+----------+---------+---------------------+
; Worst-case Slack ; N/A   ; N/A  ; N/A      ; N/A     ; N/A                 ;
; Design-wide TNS  ; 0.0   ; 0.0  ; 0.0      ; 0.0     ; 0.0                 ;
+------------------+-------+------+----------+---------+---------------------+


+--------------------------------------------------------------+
; Progagation Delay                                            ;
+------------+-------------+--------+--------+--------+--------+
; Input Port ; Output Port ; RR     ; RF     ; FR     ; FF     ;
+------------+-------------+--------+--------+--------+--------+
; A[0]       ; hx0[0]      ; 9.644  ; 9.644  ; 9.644  ; 9.644  ;
; A[0]       ; hx0[1]      ; 9.669  ;        ;        ; 9.669  ;
; A[0]       ; hx0[2]      ; 9.460  ;        ;        ; 9.460  ;
; A[0]       ; hx0[3]      ; 9.453  ; 9.453  ; 9.453  ; 9.453  ;
; A[0]       ; hx0[4]      ;        ; 9.611  ; 9.611  ;        ;
; A[0]       ; hx0[5]      ; 9.738  ; 9.738  ; 9.738  ; 9.738  ;
; A[0]       ; hx0[6]      ;        ; 9.700  ; 9.700  ;        ;
; A[1]       ; hx0[0]      ; 9.622  ; 9.622  ; 9.622  ; 9.622  ;
; A[1]       ; hx0[1]      ; 9.651  ;        ;        ; 9.651  ;
; A[1]       ; hx0[2]      ;        ; 9.426  ; 9.426  ;        ;
; A[1]       ; hx0[3]      ; 9.436  ; 9.436  ; 9.436  ; 9.436  ;
; A[1]       ; hx0[4]      ; 9.616  ;        ;        ; 9.616  ;
; A[1]       ; hx0[5]      ; 9.703  ; 9.703  ; 9.703  ; 9.703  ;
; A[1]       ; hx0[6]      ;        ; 9.720  ; 9.720  ;        ;
; A[2]       ; hx0[0]      ; 9.710  ; 9.710  ; 9.710  ; 9.710  ;
; A[2]       ; hx0[1]      ;        ; 9.702  ; 9.702  ;        ;
; A[2]       ; hx0[2]      ; 9.525  ; 9.525  ; 9.525  ; 9.525  ;
; A[2]       ; hx0[3]      ; 9.522  ; 9.522  ; 9.522  ; 9.522  ;
; A[2]       ; hx0[4]      ; 9.697  ; 9.697  ; 9.697  ; 9.697  ;
; A[2]       ; hx0[5]      ; 9.804  ;        ;        ; 9.804  ;
; A[2]       ; hx0[6]      ; 9.811  ;        ;        ; 9.811  ;
; A[3]       ; hx0[0]      ; 9.525  ; 9.525  ; 9.525  ; 9.525  ;
; A[3]       ; hx0[1]      ;        ; 9.559  ; 9.559  ;        ;
; A[3]       ; hx0[2]      ;        ; 9.333  ; 9.333  ;        ;
; A[3]       ; hx0[3]      ; 9.343  ; 9.343  ; 9.343  ; 9.343  ;
; A[3]       ; hx0[4]      ; 9.524  ; 9.524  ; 9.524  ; 9.524  ;
; A[3]       ; hx0[5]      ; 9.605  ; 9.605  ; 9.605  ; 9.605  ;
; A[3]       ; hx0[6]      ;        ; 9.626  ; 9.626  ;        ;
; B[0]       ; hx1[0]      ; 9.225  ; 9.225  ; 9.225  ; 9.225  ;
; B[0]       ; hx1[1]      ; 8.902  ;        ;        ; 8.902  ;
; B[0]       ; hx1[2]      ; 9.143  ;        ;        ; 9.143  ;
; B[0]       ; hx1[3]      ; 8.873  ; 8.873  ; 8.873  ; 8.873  ;
; B[0]       ; hx1[4]      ;        ; 9.159  ; 9.159  ;        ;
; B[0]       ; hx1[5]      ; 9.212  ; 9.212  ; 9.212  ; 9.212  ;
; B[0]       ; hx1[6]      ;        ; 9.136  ; 9.136  ;        ;
; B[1]       ; hx1[0]      ; 9.198  ; 9.198  ; 9.198  ; 9.198  ;
; B[1]       ; hx1[1]      ; 8.888  ;        ;        ; 8.888  ;
; B[1]       ; hx1[2]      ;        ; 9.129  ; 9.129  ;        ;
; B[1]       ; hx1[3]      ; 8.849  ; 8.849  ; 8.849  ; 8.849  ;
; B[1]       ; hx1[4]      ; 9.173  ;        ;        ; 9.173  ;
; B[1]       ; hx1[5]      ; 9.188  ; 9.188  ; 9.188  ; 9.188  ;
; B[1]       ; hx1[6]      ;        ; 9.155  ; 9.155  ;        ;
; B[2]       ; hx1[0]      ; 9.231  ; 9.231  ; 9.231  ; 9.231  ;
; B[2]       ; hx1[1]      ;        ; 8.887  ; 8.887  ;        ;
; B[2]       ; hx1[2]      ; 9.160  ; 9.160  ; 9.160  ; 9.160  ;
; B[2]       ; hx1[3]      ; 8.874  ; 8.874  ; 8.874  ; 8.874  ;
; B[2]       ; hx1[4]      ; 9.199  ; 9.199  ; 9.199  ; 9.199  ;
; B[2]       ; hx1[5]      ; 9.220  ;        ;        ; 9.220  ;
; B[2]       ; hx1[6]      ; 9.180  ;        ;        ; 9.180  ;
; B[3]       ; hx1[0]      ; 9.401  ; 9.401  ; 9.401  ; 9.401  ;
; B[3]       ; hx1[1]      ;        ; 9.094  ; 9.094  ;        ;
; B[3]       ; hx1[2]      ;        ; 9.335  ; 9.335  ;        ;
; B[3]       ; hx1[3]      ; 9.053  ; 9.053  ; 9.053  ; 9.053  ;
; B[3]       ; hx1[4]      ; 9.379  ; 9.379  ; 9.379  ; 9.379  ;
; B[3]       ; hx1[5]      ; 9.394  ; 9.394  ; 9.394  ; 9.394  ;
; B[3]       ; hx1[6]      ;        ; 9.359  ; 9.359  ;        ;
; C[0]       ; hx2[0]      ; 9.358  ; 9.358  ; 9.358  ; 9.358  ;
; C[0]       ; hx2[1]      ; 9.064  ;        ;        ; 9.064  ;
; C[0]       ; hx2[2]      ; 9.290  ;        ;        ; 9.290  ;
; C[0]       ; hx2[3]      ; 9.022  ; 9.022  ; 9.022  ; 9.022  ;
; C[0]       ; hx2[4]      ;        ; 9.361  ; 9.361  ;        ;
; C[0]       ; hx2[5]      ; 9.199  ; 9.199  ; 9.199  ; 9.199  ;
; C[0]       ; hx2[6]      ;        ; 9.363  ; 9.363  ;        ;
; C[1]       ; hx2[0]      ; 9.415  ; 9.415  ; 9.415  ; 9.415  ;
; C[1]       ; hx2[1]      ; 9.120  ;        ;        ; 9.120  ;
; C[1]       ; hx2[2]      ;        ; 9.346  ; 9.346  ;        ;
; C[1]       ; hx2[3]      ; 9.079  ; 9.079  ; 9.079  ; 9.079  ;
; C[1]       ; hx2[4]      ; 9.415  ;        ;        ; 9.415  ;
; C[1]       ; hx2[5]      ; 9.257  ; 9.257  ; 9.257  ; 9.257  ;
; C[1]       ; hx2[6]      ;        ; 9.377  ; 9.377  ;        ;
; C[2]       ; hx2[0]      ; 9.503  ; 9.503  ; 9.503  ; 9.503  ;
; C[2]       ; hx2[1]      ;        ; 9.209  ; 9.209  ;        ;
; C[2]       ; hx2[2]      ; 9.435  ; 9.435  ; 9.435  ; 9.435  ;
; C[2]       ; hx2[3]      ; 9.169  ; 9.169  ; 9.169  ; 9.169  ;
; C[2]       ; hx2[4]      ; 9.480  ; 9.480  ; 9.480  ; 9.480  ;
; C[2]       ; hx2[5]      ; 9.349  ;        ;        ; 9.349  ;
; C[2]       ; hx2[6]      ; 9.509  ;        ;        ; 9.509  ;
; C[3]       ; hx2[0]      ; 8.873  ; 8.873  ; 8.873  ; 8.873  ;
; C[3]       ; hx2[1]      ;        ; 8.572  ; 8.572  ;        ;
; C[3]       ; hx2[2]      ;        ; 8.807  ; 8.807  ;        ;
; C[3]       ; hx2[3]      ; 8.535  ; 8.535  ; 8.535  ; 8.535  ;
; C[3]       ; hx2[4]      ; 8.869  ; 8.869  ; 8.869  ; 8.869  ;
; C[3]       ; hx2[5]      ; 8.727  ; 8.727  ; 8.727  ; 8.727  ;
; C[3]       ; hx2[6]      ;        ; 8.875  ; 8.875  ;        ;
; D[0]       ; hx3[0]      ; 9.683  ; 9.683  ; 9.683  ; 9.683  ;
; D[0]       ; hx3[1]      ; 9.453  ;        ;        ; 9.453  ;
; D[0]       ; hx3[2]      ; 9.939  ;        ;        ; 9.939  ;
; D[0]       ; hx3[3]      ; 9.455  ; 9.455  ; 9.455  ; 9.455  ;
; D[0]       ; hx3[4]      ;        ; 9.663  ; 9.663  ;        ;
; D[0]       ; hx3[5]      ; 9.945  ; 9.945  ; 9.945  ; 9.945  ;
; D[0]       ; hx3[6]      ;        ; 9.415  ; 9.415  ;        ;
; D[1]       ; hx3[0]      ; 9.637  ; 9.637  ; 9.637  ; 9.637  ;
; D[1]       ; hx3[1]      ; 9.410  ;        ;        ; 9.410  ;
; D[1]       ; hx3[2]      ;        ; 9.894  ; 9.894  ;        ;
; D[1]       ; hx3[3]      ; 9.414  ; 9.414  ; 9.414  ; 9.414  ;
; D[1]       ; hx3[4]      ; 9.643  ;        ;        ; 9.643  ;
; D[1]       ; hx3[5]      ; 9.899  ; 9.899  ; 9.899  ; 9.899  ;
; D[1]       ; hx3[6]      ;        ; 9.413  ; 9.413  ;        ;
; D[2]       ; hx3[0]      ; 9.942  ; 9.942  ; 9.942  ; 9.942  ;
; D[2]       ; hx3[1]      ;        ; 9.680  ; 9.680  ;        ;
; D[2]       ; hx3[2]      ; 10.198 ; 10.198 ; 10.198 ; 10.198 ;
; D[2]       ; hx3[3]      ; 9.718  ; 9.718  ; 9.718  ; 9.718  ;
; D[2]       ; hx3[4]      ; 9.947  ; 9.947  ; 9.947  ; 9.947  ;
; D[2]       ; hx3[5]      ; 10.203 ;        ;        ; 10.203 ;
; D[2]       ; hx3[6]      ; 9.717  ;        ;        ; 9.717  ;
; D[3]       ; hx3[0]      ; 9.540  ; 9.540  ; 9.540  ; 9.540  ;
; D[3]       ; hx3[1]      ;        ; 9.314  ; 9.314  ;        ;
; D[3]       ; hx3[2]      ;        ; 9.801  ; 9.801  ;        ;
; D[3]       ; hx3[3]      ; 9.321  ; 9.321  ; 9.321  ; 9.321  ;
; D[3]       ; hx3[4]      ; 9.551  ; 9.551  ; 9.551  ; 9.551  ;
; D[3]       ; hx3[5]      ; 9.806  ; 9.806  ; 9.806  ; 9.806  ;
; D[3]       ; hx3[6]      ;        ; 9.320  ; 9.320  ;        ;
+------------+-------------+--------+--------+--------+--------+


+----------------------------------------------------------+
; Minimum Progagation Delay                                ;
+------------+-------------+-------+-------+-------+-------+
; Input Port ; Output Port ; RR    ; RF    ; FR    ; FF    ;
+------------+-------------+-------+-------+-------+-------+
; A[0]       ; hx0[0]      ; 5.337 ; 5.337 ; 5.337 ; 5.337 ;
; A[0]       ; hx0[1]      ; 5.365 ;       ;       ; 5.365 ;
; A[0]       ; hx0[2]      ; 5.276 ;       ;       ; 5.276 ;
; A[0]       ; hx0[3]      ; 5.270 ; 5.270 ; 5.270 ; 5.270 ;
; A[0]       ; hx0[4]      ;       ; 5.328 ; 5.328 ;       ;
; A[0]       ; hx0[5]      ; 5.411 ; 5.411 ; 5.411 ; 5.411 ;
; A[0]       ; hx0[6]      ;       ; 5.421 ; 5.421 ;       ;
; A[1]       ; hx0[0]      ; 5.348 ; 5.348 ; 5.348 ; 5.348 ;
; A[1]       ; hx0[1]      ; 5.376 ;       ;       ; 5.376 ;
; A[1]       ; hx0[2]      ;       ; 5.276 ; 5.276 ;       ;
; A[1]       ; hx0[3]      ; 5.282 ; 5.282 ; 5.282 ; 5.282 ;
; A[1]       ; hx0[4]      ; 5.340 ;       ;       ; 5.340 ;
; A[1]       ; hx0[5]      ; 5.408 ; 5.408 ; 5.408 ; 5.408 ;
; A[1]       ; hx0[6]      ;       ; 5.423 ; 5.423 ;       ;
; A[2]       ; hx0[0]      ; 5.372 ; 5.372 ; 5.372 ; 5.372 ;
; A[2]       ; hx0[1]      ;       ; 5.397 ; 5.397 ;       ;
; A[2]       ; hx0[2]      ; 5.308 ; 5.308 ; 5.308 ; 5.308 ;
; A[2]       ; hx0[3]      ; 5.305 ; 5.305 ; 5.305 ; 5.305 ;
; A[2]       ; hx0[4]      ; 5.359 ; 5.359 ; 5.359 ; 5.359 ;
; A[2]       ; hx0[5]      ; 5.452 ;       ;       ; 5.452 ;
; A[2]       ; hx0[6]      ; 5.457 ;       ;       ; 5.457 ;
; A[3]       ; hx0[0]      ; 5.300 ; 5.300 ; 5.300 ; 5.300 ;
; A[3]       ; hx0[1]      ;       ; 5.329 ; 5.329 ;       ;
; A[3]       ; hx0[2]      ;       ; 5.227 ; 5.227 ;       ;
; A[3]       ; hx0[3]      ; 5.233 ; 5.233 ; 5.233 ; 5.233 ;
; A[3]       ; hx0[4]      ; 5.293 ; 5.293 ; 5.293 ; 5.293 ;
; A[3]       ; hx0[5]      ; 5.357 ; 5.357 ; 5.357 ; 5.357 ;
; A[3]       ; hx0[6]      ;       ; 5.379 ; 5.379 ;       ;
; B[0]       ; hx1[0]      ; 5.160 ; 5.160 ; 5.160 ; 5.160 ;
; B[0]       ; hx1[1]      ; 4.997 ;       ;       ; 4.997 ;
; B[0]       ; hx1[2]      ; 5.106 ;       ;       ; 5.106 ;
; B[0]       ; hx1[3]      ; 4.988 ; 4.988 ; 4.988 ; 4.988 ;
; B[0]       ; hx1[4]      ;       ; 5.124 ; 5.124 ;       ;
; B[0]       ; hx1[5]      ; 5.147 ; 5.147 ; 5.147 ; 5.147 ;
; B[0]       ; hx1[6]      ;       ; 5.138 ; 5.138 ;       ;
; B[1]       ; hx1[0]      ; 5.157 ; 5.157 ; 5.157 ; 5.157 ;
; B[1]       ; hx1[1]      ; 5.009 ;       ;       ; 5.009 ;
; B[1]       ; hx1[2]      ;       ; 5.110 ; 5.110 ;       ;
; B[1]       ; hx1[3]      ; 4.987 ; 4.987 ; 4.987 ; 4.987 ;
; B[1]       ; hx1[4]      ; 5.133 ;       ;       ; 5.133 ;
; B[1]       ; hx1[5]      ; 5.143 ; 5.143 ; 5.143 ; 5.143 ;
; B[1]       ; hx1[6]      ;       ; 5.135 ; 5.135 ;       ;
; B[2]       ; hx1[0]      ; 5.174 ; 5.174 ; 5.174 ; 5.174 ;
; B[2]       ; hx1[1]      ;       ; 5.022 ; 5.022 ;       ;
; B[2]       ; hx1[2]      ; 5.127 ; 5.127 ; 5.127 ; 5.127 ;
; B[2]       ; hx1[3]      ; 5.000 ; 5.000 ; 5.000 ; 5.000 ;
; B[2]       ; hx1[4]      ; 5.147 ; 5.147 ; 5.147 ; 5.147 ;
; B[2]       ; hx1[5]      ; 5.166 ;       ;       ; 5.166 ;
; B[2]       ; hx1[6]      ; 5.152 ;       ;       ; 5.152 ;
; B[3]       ; hx1[0]      ; 5.267 ; 5.267 ; 5.267 ; 5.267 ;
; B[3]       ; hx1[1]      ;       ; 5.115 ; 5.115 ;       ;
; B[3]       ; hx1[2]      ;       ; 5.217 ; 5.217 ;       ;
; B[3]       ; hx1[3]      ; 5.092 ; 5.092 ; 5.092 ; 5.092 ;
; B[3]       ; hx1[4]      ; 5.240 ; 5.240 ; 5.240 ; 5.240 ;
; B[3]       ; hx1[5]      ; 5.254 ; 5.254 ; 5.254 ; 5.254 ;
; B[3]       ; hx1[6]      ;       ; 5.242 ; 5.242 ;       ;
; C[0]       ; hx2[0]      ; 5.238 ; 5.238 ; 5.238 ; 5.238 ;
; C[0]       ; hx2[1]      ; 5.062 ;       ;       ; 5.062 ;
; C[0]       ; hx2[2]      ; 5.149 ;       ;       ; 5.149 ;
; C[0]       ; hx2[3]      ; 5.035 ; 5.035 ; 5.035 ; 5.035 ;
; C[0]       ; hx2[4]      ;       ; 5.241 ; 5.241 ;       ;
; C[0]       ; hx2[5]      ; 5.155 ; 5.155 ; 5.155 ; 5.155 ;
; C[0]       ; hx2[6]      ;       ; 5.199 ; 5.199 ;       ;
; C[1]       ; hx2[0]      ; 5.272 ; 5.272 ; 5.272 ; 5.272 ;
; C[1]       ; hx2[1]      ; 5.098 ;       ;       ; 5.098 ;
; C[1]       ; hx2[2]      ;       ; 5.182 ; 5.182 ;       ;
; C[1]       ; hx2[3]      ; 5.069 ; 5.069 ; 5.069 ; 5.069 ;
; C[1]       ; hx2[4]      ; 5.279 ;       ;       ; 5.279 ;
; C[1]       ; hx2[5]      ; 5.196 ; 5.196 ; 5.196 ; 5.196 ;
; C[1]       ; hx2[6]      ;       ; 5.236 ; 5.236 ;       ;
; C[2]       ; hx2[0]      ; 5.327 ; 5.327 ; 5.327 ; 5.327 ;
; C[2]       ; hx2[1]      ;       ; 5.155 ; 5.155 ;       ;
; C[2]       ; hx2[2]      ; 5.237 ; 5.237 ; 5.237 ; 5.237 ;
; C[2]       ; hx2[3]      ; 5.123 ; 5.123 ; 5.123 ; 5.123 ;
; C[2]       ; hx2[4]      ; 5.337 ; 5.337 ; 5.337 ; 5.337 ;
; C[2]       ; hx2[5]      ; 5.258 ;       ;       ; 5.258 ;
; C[2]       ; hx2[6]      ; 5.293 ;       ;       ; 5.293 ;
; C[3]       ; hx2[0]      ; 5.037 ; 5.037 ; 5.037 ; 5.037 ;
; C[3]       ; hx2[1]      ;       ; 4.853 ; 4.853 ;       ;
; C[3]       ; hx2[2]      ;       ; 4.947 ; 4.947 ;       ;
; C[3]       ; hx2[3]      ; 4.832 ; 4.832 ; 4.832 ; 4.832 ;
; C[3]       ; hx2[4]      ; 5.036 ; 5.036 ; 5.036 ; 5.036 ;
; C[3]       ; hx2[5]      ; 4.969 ; 4.969 ; 4.969 ; 4.969 ;
; C[3]       ; hx2[6]      ;       ; 4.992 ; 4.992 ;       ;
; D[0]       ; hx3[0]      ; 5.375 ; 5.375 ; 5.375 ; 5.375 ;
; D[0]       ; hx3[1]      ; 5.267 ;       ;       ; 5.267 ;
; D[0]       ; hx3[2]      ; 5.501 ;       ;       ; 5.501 ;
; D[0]       ; hx3[3]      ; 5.270 ; 5.270 ; 5.270 ; 5.270 ;
; D[0]       ; hx3[4]      ;       ; 5.380 ; 5.380 ;       ;
; D[0]       ; hx3[5]      ; 5.504 ; 5.504 ; 5.504 ; 5.504 ;
; D[0]       ; hx3[6]      ;       ; 5.276 ; 5.276 ;       ;
; D[1]       ; hx3[0]      ; 5.358 ; 5.358 ; 5.358 ; 5.358 ;
; D[1]       ; hx3[1]      ; 5.250 ;       ;       ; 5.250 ;
; D[1]       ; hx3[2]      ;       ; 5.479 ; 5.479 ;       ;
; D[1]       ; hx3[3]      ; 5.254 ; 5.254 ; 5.254 ; 5.254 ;
; D[1]       ; hx3[4]      ; 5.364 ;       ;       ; 5.364 ;
; D[1]       ; hx3[5]      ; 5.485 ; 5.485 ; 5.485 ; 5.485 ;
; D[1]       ; hx3[6]      ;       ; 5.254 ; 5.254 ;       ;
; D[2]       ; hx3[0]      ; 5.484 ; 5.484 ; 5.484 ; 5.484 ;
; D[2]       ; hx3[1]      ;       ; 5.375 ; 5.375 ;       ;
; D[2]       ; hx3[2]      ; 5.605 ; 5.605 ; 5.605 ; 5.605 ;
; D[2]       ; hx3[3]      ; 5.382 ; 5.382 ; 5.382 ; 5.382 ;
; D[2]       ; hx3[4]      ; 5.491 ; 5.491 ; 5.491 ; 5.491 ;
; D[2]       ; hx3[5]      ; 5.619 ;       ;       ; 5.619 ;
; D[2]       ; hx3[6]      ; 5.388 ;       ;       ; 5.388 ;
; D[3]       ; hx3[0]      ; 5.314 ; 5.314 ; 5.314 ; 5.314 ;
; D[3]       ; hx3[1]      ;       ; 5.204 ; 5.204 ;       ;
; D[3]       ; hx3[2]      ;       ; 5.436 ; 5.436 ;       ;
; D[3]       ; hx3[3]      ; 5.213 ; 5.213 ; 5.213 ; 5.213 ;
; D[3]       ; hx3[4]      ; 5.322 ; 5.322 ; 5.322 ; 5.322 ;
; D[3]       ; hx3[5]      ; 5.443 ; 5.443 ; 5.443 ; 5.443 ;
; D[3]       ; hx3[6]      ;       ; 5.216 ; 5.216 ;       ;
+------------+-------------+-------+-------+-------+-------+


-------------------
; Clock Transfers ;
-------------------
Nothing to report.


---------------
; Report TCCS ;
---------------
No dedicated SERDES Transmitter circuitry present in device or used in design


---------------
; Report RSKM ;
---------------
No dedicated SERDES Receiver circuitry present in device or used in design


+------------------------------------------------+
; Unconstrained Paths                            ;
+---------------------------------+-------+------+
; Property                        ; Setup ; Hold ;
+---------------------------------+-------+------+
; Illegal Clocks                  ; 0     ; 0    ;
; Unconstrained Clocks            ; 0     ; 0    ;
; Unconstrained Input Ports       ; 16    ; 16   ;
; Unconstrained Input Port Paths  ; 112   ; 112  ;
; Unconstrained Output Ports      ; 28    ; 28   ;
; Unconstrained Output Port Paths ; 112   ; 112  ;
+---------------------------------+-------+------+


+------------------------------------+
; TimeQuest Timing Analyzer Messages ;
+------------------------------------+
Info: *******************************************************************
Info: Running Quartus II 64-Bit TimeQuest Timing Analyzer
    Info: Version 13.0.1 Build 232 06/12/2013 Service Pack 1 SJ Web Edition
    Info: Processing started: Wed Feb 20 14:36:43 2019
Info: Command: quartus_sta sevenseg -c sevenseg
Info: qsta_default_script.tcl version: #1
Warning (20028): Parallel compilation is not licensed and has been disabled
Info (21077): Low junction temperature is 0 degrees C
Info (21077): High junction temperature is 85 degrees C
Critical Warning (332012): Synopsys Design Constraints File file not found: 'sevenseg.sdc'. A Synopsys Design Constraints File is required by the TimeQuest Timing Analyzer to get proper timing constraints. Without it, the Compiler will not properly optimize the design.
Info (332142): No user constrained base clocks found in the design. Calling "derive_clocks -period 1.0"
Info (332096): The command derive_clocks did not find any clocks to derive.  No clocks were created or changed.
Warning (332068): No clocks defined in design.
Info: Found TIMEQUEST_REPORT_SCRIPT_INCLUDE_DEFAULT_ANALYSIS = ON
Info (332159): No clocks to report
Info: Analyzing Slow Model
Info (332140): No fmax paths to report
Info (332140): No Setup paths to report
Info (332140): No Hold paths to report
Info (332140): No Recovery paths to report
Info (332140): No Removal paths to report
Info (332140): No Minimum Pulse Width paths to report
Info (332001): The selected device family is not supported by the report_metastability command.
Info: Analyzing Fast Model
Info (332142): No user constrained base clocks found in the design. Calling "derive_clocks -period 1.0"
Info (332096): The command derive_clocks did not find any clocks to derive.  No clocks were created or changed.
Warning (332068): No clocks defined in design.
Info (332140): No Setup paths to report
Info (332140): No Hold paths to report
Info (332140): No Recovery paths to report
Info (332140): No Removal paths to report
Info (332140): No Minimum Pulse Width paths to report
Info (332001): The selected device family is not supported by the report_metastability command.
Info (332102): Design is not fully constrained for setup requirements
Info (332102): Design is not fully constrained for hold requirements
Info: Quartus II 64-Bit TimeQuest Timing Analyzer was successful. 0 errors, 4 warnings
    Info: Peak virtual memory: 4555 megabytes
    Info: Processing ended: Wed Feb 20 14:36:45 2019
    Info: Elapsed time: 00:00:02
    Info: Total CPU time (on all processors): 00:00:02


